{"timestamp":"2026-05-18T14:09:25.232152Z","level":"info","event":"DAG bundles loaded: dags-folder","logger":"airflow.dag_processing.bundles.manager.DagBundlesManager","filename":"manager.py","lineno":209}
{"timestamp":"2026-05-18T14:09:25.248129Z","level":"info","event":"Filling up the DagBag from /opt/airflow/dags/transform_dag_test.py","logger":"airflow.dag_processing.dagbag.BundleDagBag","filename":"dagbag.py","lineno":469}
{"timestamp":"2026-05-18T14:09:26.871612Z","level":"info","event":"Initializing AWS Glue Job: Weather ETL Spark Transformation. Wait for completion: True","logger":"airflow.task.operators.airflow.providers.amazon.aws.operators.glue.GlueJobOperator","filename":"glue.py","lineno":219}
{"timestamp":"2026-05-18T14:09:26.874851Z","level":"info","event":"Checking if job already exists: Weather ETL Spark Transformation","logger":"airflow.providers.amazon.aws.hooks.glue.GlueJobHook","filename":"glue.py","lineno":455}
{"timestamp":"2026-05-18T14:09:26.931013Z","level":"info","event":"AWS Connection (conn_id='aws_default', conn_type='aws') credentials retrieved from login and password.","logger":"airflow.providers.amazon.aws.utils.connection_wrapper.AwsConnectionWrapper","filename":"connection_wrapper.py","lineno":331}
{"timestamp":"2026-05-18T14:09:26.946255Z","level":"warning","event":"ProvidersManager.hooks is deprecated. Use ProvidersManagerTaskRuntime.hooks from task-sdk instead.","category":"DeprecatedImportWarning","filename":"/home/airflow/.local/lib/python3.13/site-packages/airflow/providers/amazon/aws/hooks/base_aws.py","lineno":520,"logger":"py.warnings"}
{"timestamp":"2026-05-18T14:09:29.612333Z","level":"info","event":"You can monitor this Glue Job run at: https://console.aws.amazon.com/gluestudio/home?region=us-east-1#/job/Weather%20ETL%20Spark%20Transformation/run/jr_fa69525805889404b21df2292235aa01866dfa77c8cdc3a7e7acf95a8e863580","logger":"airflow.task.operators.airflow.providers.amazon.aws.operators.glue.GlueJobOperator","filename":"glue.py","lineno":240}
{"timestamp":"2026-05-18T14:09:29.753725Z","level":"info","event":"Polling for AWS Glue Job Weather ETL Spark Transformation current run state with status RUNNING","logger":"airflow.providers.amazon.aws.hooks.glue.GlueJobHook","filename":"glue.py","lineno":438}
{"timestamp":"2026-05-18T14:09:35.951615Z","level":"info","event":"Polling for AWS Glue Job Weather ETL Spark Transformation current run state with status RUNNING","logger":"airflow.providers.amazon.aws.hooks.glue.GlueJobHook","filename":"glue.py","lineno":438}
{"timestamp":"2026-05-18T14:09:42.121813Z","level":"info","event":"Polling for AWS Glue Job Weather ETL Spark Transformation current run state with status RUNNING","logger":"airflow.providers.amazon.aws.hooks.glue.GlueJobHook","filename":"glue.py","lineno":438}
{"timestamp":"2026-05-18T14:09:48.345207Z","level":"info","event":"Polling for AWS Glue Job Weather ETL Spark Transformation current run state with status RUNNING","logger":"airflow.providers.amazon.aws.hooks.glue.GlueJobHook","filename":"glue.py","lineno":438}
{"timestamp":"2026-05-18T14:09:54.581838Z","level":"info","event":"Polling for AWS Glue Job Weather ETL Spark Transformation current run state with status RUNNING","logger":"airflow.providers.amazon.aws.hooks.glue.GlueJobHook","filename":"glue.py","lineno":438}
{"timestamp":"2026-05-18T14:10:00.810510Z","level":"info","event":"Polling for AWS Glue Job Weather ETL Spark Transformation current run state with status RUNNING","logger":"airflow.providers.amazon.aws.hooks.glue.GlueJobHook","filename":"glue.py","lineno":438}
{"timestamp":"2026-05-18T14:10:07.081336Z","level":"info","event":"Polling for AWS Glue Job Weather ETL Spark Transformation current run state with status RUNNING","logger":"airflow.providers.amazon.aws.hooks.glue.GlueJobHook","filename":"glue.py","lineno":438}
{"timestamp":"2026-05-18T14:10:13.247972Z","level":"info","event":"Polling for AWS Glue Job Weather ETL Spark Transformation current run state with status RUNNING","logger":"airflow.providers.amazon.aws.hooks.glue.GlueJobHook","filename":"glue.py","lineno":438}
{"timestamp":"2026-05-18T14:10:19.419160Z","level":"info","event":"Polling for AWS Glue Job Weather ETL Spark Transformation current run state with status RUNNING","logger":"airflow.providers.amazon.aws.hooks.glue.GlueJobHook","filename":"glue.py","lineno":438}
{"timestamp":"2026-05-18T14:10:25.595999Z","level":"info","event":"Polling for AWS Glue Job Weather ETL Spark Transformation current run state with status RUNNING","logger":"airflow.providers.amazon.aws.hooks.glue.GlueJobHook","filename":"glue.py","lineno":438}
{"timestamp":"2026-05-18T14:10:31.761139Z","level":"info","event":"Polling for AWS Glue Job Weather ETL Spark Transformation current run state with status RUNNING","logger":"airflow.providers.amazon.aws.hooks.glue.GlueJobHook","filename":"glue.py","lineno":438}
{"timestamp":"2026-05-18T14:10:38.013064Z","level":"info","event":"Polling for AWS Glue Job Weather ETL Spark Transformation current run state with status RUNNING","logger":"airflow.providers.amazon.aws.hooks.glue.GlueJobHook","filename":"glue.py","lineno":438}
{"timestamp":"2026-05-18T14:10:44.264364Z","level":"info","event":"Polling for AWS Glue Job Weather ETL Spark Transformation current run state with status RUNNING","logger":"airflow.providers.amazon.aws.hooks.glue.GlueJobHook","filename":"glue.py","lineno":438}
{"timestamp":"2026-05-18T14:10:50.418269Z","level":"info","event":"Polling for AWS Glue Job Weather ETL Spark Transformation current run state with status RUNNING","logger":"airflow.providers.amazon.aws.hooks.glue.GlueJobHook","filename":"glue.py","lineno":438}
{"timestamp":"2026-05-18T14:10:56.638837Z","level":"info","event":"Polling for AWS Glue Job Weather ETL Spark Transformation current run state with status RUNNING","logger":"airflow.providers.amazon.aws.hooks.glue.GlueJobHook","filename":"glue.py","lineno":438}
{"timestamp":"2026-05-18T14:11:02.820981Z","level":"info","event":"Exiting Job jr_fa69525805889404b21df2292235aa01866dfa77c8cdc3a7e7acf95a8e863580 Run State: SUCCEEDED","logger":"airflow.providers.amazon.aws.hooks.glue.GlueJobHook","filename":"glue.py","lineno":432}
{"timestamp":"2026-05-18T14:11:02.821895Z","level":"info","event":"AWS Glue Job: Weather ETL Spark Transformation status: SUCCEEDED. Run Id: jr_fa69525805889404b21df2292235aa01866dfa77c8cdc3a7e7acf95a8e863580","logger":"airflow.task.operators.airflow.providers.amazon.aws.operators.glue.GlueJobOperator","filename":"glue.py","lineno":259}
{"timestamp":"2026-05-18T14:11:02.825201Z","level":"info","event":"Pushing xcom","ti":"RuntimeTaskInstance(id=UUID('019e3b6b-8452-7816-9549-82ff45036b54'), task_id='run_glue_weather_transform', dag_id='glue_transform_only', run_id='manual__2026-05-18T14:09:22.336634+00:00', try_number=1, dag_version_id=UUID('019e3b6b-1fc4-74c4-bc10-2bbda3a3b710'), map_index=-1, hostname='27242ca4efd4', context_carrier={'traceparent': '00-a032e2b590e324a6fd7c3c0f6769fee4-03f4197043abbb1d-01'}, task=<Task(GlueJobOperator): run_glue_weather_transform>, bundle_instance=LocalDagBundle(name=dags-folder), max_tries=0, start_date=datetime.datetime(2026, 5, 18, 14, 9, 24, 754305, tzinfo=datetime.timezone.utc), end_date=None, state=<TaskInstanceState.RUNNING: 'running'>, is_mapped=False, rendered_map_index=None, sentry_integration='')","logger":"task","filename":"task_runner.py","lineno":1724}
